I will not do anything.
I will not do anything.
I will not do anything.
We will not do that.
